
> we-will-shine@0.0.1 test:e2e /home/dev/web/koneksi/we-will-shine
> playwright test


Running 12 tests using 2 workers

[1A[2K[1/12] [chromium] › tests/navigation.spec.ts:10:2 › Navigation Tests › about page loads correctly
[1A[2K[2/12] [chromium] › tests/navigation.spec.ts:4:2 › Navigation Tests › homepage loads correctly
[1A[2K[3/12] [chromium] › tests/navigation.spec.ts:16:2 › Navigation Tests › sverdle page should load
